
Memory Configuration

Name             Origin             Length             Attributes
flash            0x0000000008000000 0x0000000000020000 xr
sram             0x0000000020000000 0x0000000000005000 xrw
*default*        0x0000000000000000 0xffffffffffffffff

Linker script and memory map


.text           0x0000000008000000       0x90
 *(.vectors*)
 .vectors       0x0000000008000000        0xc startup.o
 *(.text*)
 .text          0x000000000800000c       0x7c main.o
                0x000000000800000c                main
 .text          0x0000000008000088        0x8 startup.o

.data           0x0000000008000090        0x0
 .data          0x0000000008000090        0x0 main.o
 .data          0x0000000008000090        0x0 startup.o

.igot.plt       0x0000000008000090        0x0
 .igot.plt      0x0000000008000090        0x0 main.o

.glue_7         0x0000000008000090        0x0
 .glue_7        0x0000000008000090        0x0 linker stubs

.glue_7t        0x0000000008000090        0x0
 .glue_7t       0x0000000008000090        0x0 linker stubs

.vfp11_veneer   0x0000000008000090        0x0
 .vfp11_veneer  0x0000000008000090        0x0 linker stubs

.v4_bx          0x0000000008000090        0x0
 .v4_bx         0x0000000008000090        0x0 linker stubs

.iplt           0x0000000008000090        0x0
 .iplt          0x0000000008000090        0x0 main.o

.rel.dyn        0x0000000008000090        0x0
 .rel.iplt      0x0000000008000090        0x0 main.o

.bss            0x0000000020000000        0x0
 *(.bss*)
 .bss           0x0000000020000000        0x0 main.o
 .bss           0x0000000020000000        0x0 startup.o
LOAD main.o
LOAD startup.o
OUTPUT(flashing.elf elf32-littlearm)

.debug_info     0x0000000000000000      0x9f5
 .debug_info    0x0000000000000000      0x9cf main.o
 .debug_info    0x00000000000009cf       0x26 startup.o

.debug_abbrev   0x0000000000000000      0x1b1
 .debug_abbrev  0x0000000000000000      0x19d main.o
 .debug_abbrev  0x000000000000019d       0x14 startup.o

.debug_loc      0x0000000000000000       0x38
 .debug_loc     0x0000000000000000       0x38 main.o

.debug_aranges  0x0000000000000000       0x40
 .debug_aranges
                0x0000000000000000       0x20 main.o
 .debug_aranges
                0x0000000000000020       0x20 startup.o

.debug_line     0x0000000000000000      0x306
 .debug_line    0x0000000000000000      0x2cb main.o
 .debug_line    0x00000000000002cb       0x3b startup.o

.debug_str      0x0000000000000000      0x4d2
 .debug_str     0x0000000000000000      0x4ba main.o
                                        0x51b (size before relaxing)
 .debug_str     0x00000000000004ba       0x18 startup.o
                                         0x37 (size before relaxing)

.comment        0x0000000000000000       0x7b
 .comment       0x0000000000000000       0x7b main.o
                                         0x7c (size before relaxing)

.ARM.attributes
                0x0000000000000000       0x31
 .ARM.attributes
                0x0000000000000000       0x33 main.o
 .ARM.attributes
                0x0000000000000033       0x21 startup.o

.debug_frame    0x0000000000000000       0x2c
 .debug_frame   0x0000000000000000       0x2c main.o
