
Memory Configuration

Name             Origin             Length             Attributes
Mem              0x0000000000000000 0x0000000004000000 xrw
*default*        0x0000000000000000 0xffffffffffffffff

Linker script and memory map

                0x0000000000001000                . = 0x1000

.startup        0x0000000000001000       0x10
 startup.o(.text)
 .text          0x0000000000001000       0x10 startup.o
                0x0000000000001000                reset

.text           0x0000000000001010       0x70
 *(.text)
 .text          0x0000000000001010       0x1c app.o
                0x0000000000001010                main
 .text          0x000000000000102c       0x54 uart.o
                0x000000000000102c                uart_send_string

.rodata         0x0000000000001080       0x64
 .rodata        0x0000000000001080       0x64 app.o
                0x0000000000001080                string

.glue_7         0x00000000000010e4        0x0
 .glue_7        0x00000000000010e4        0x0 linker stubs

.glue_7t        0x00000000000010e4        0x0
 .glue_7t       0x00000000000010e4        0x0 linker stubs

.vfp11_veneer   0x00000000000010e4        0x0
 .vfp11_veneer  0x00000000000010e4        0x0 linker stubs

.v4_bx          0x00000000000010e4        0x0
 .v4_bx         0x00000000000010e4        0x0 linker stubs

.iplt           0x00000000000010e4        0x0
 .iplt          0x00000000000010e4        0x0 startup.o

.rel.dyn        0x00000000000010e4        0x0
 .rel.iplt      0x00000000000010e4        0x0 startup.o

.data           0x00000000000010e4       0x68
 *(.data)
 .data          0x00000000000010e4        0x0 startup.o
 .data          0x00000000000010e4       0x68 app.o
                0x00000000000010e4                string_tx
                0x0000000000001148                x
 .data          0x000000000000114c        0x0 uart.o

.igot.plt       0x000000000000114c        0x0
 .igot.plt      0x000000000000114c        0x0 startup.o

.bss            0x000000000000114c        0x0
 *(.bss)
 .bss           0x000000000000114c        0x0 startup.o
 .bss           0x000000000000114c        0x0 app.o
 .bss           0x000000000000114c        0x0 uart.o
                0x000000000000134c                . = (. + 0x200)
                0x000000000000134c                stak_top = .
LOAD app.o
LOAD uart.o
LOAD startup.o
OUTPUT(print_mohamed.elf elf32-littlearm)

.ARM.attributes
                0x0000000000000000       0x2e
 .ARM.attributes
                0x0000000000000000       0x22 startup.o
 .ARM.attributes
                0x0000000000000022       0x32 app.o
 .ARM.attributes
                0x0000000000000054       0x32 uart.o

.comment        0x0000000000000000       0x7b
 .comment       0x0000000000000000       0x7b app.o
                                         0x7c (size before relaxing)
 .comment       0x000000000000007b       0x7c uart.o

.debug_line     0x0000000000000000       0xa8
 .debug_line    0x0000000000000000       0x3a startup.o
 .debug_line    0x000000000000003a       0x35 app.o
 .debug_line    0x000000000000006f       0x39 uart.o

.debug_info     0x0000000000000000      0x124
 .debug_info    0x0000000000000000       0x26 startup.o
 .debug_info    0x0000000000000026       0xa7 app.o
 .debug_info    0x00000000000000cd       0x57 uart.o

.debug_abbrev   0x0000000000000000       0xe2
 .debug_abbrev  0x0000000000000000       0x14 startup.o
 .debug_abbrev  0x0000000000000014       0x7d app.o
 .debug_abbrev  0x0000000000000091       0x51 uart.o

.debug_aranges  0x0000000000000000       0x60
 .debug_aranges
                0x0000000000000000       0x20 startup.o
 .debug_aranges
                0x0000000000000020       0x20 app.o
 .debug_aranges
                0x0000000000000040       0x20 uart.o

.debug_str      0x0000000000000000       0xe1
 .debug_str     0x0000000000000000       0x3a startup.o
 .debug_str     0x000000000000003a       0x83 app.o
                                         0xb6 (size before relaxing)
 .debug_str     0x00000000000000bd       0x24 uart.o
                                         0xb1 (size before relaxing)

.debug_frame    0x0000000000000000       0x5c
 .debug_frame   0x0000000000000000       0x2c app.o
 .debug_frame   0x000000000000002c       0x30 uart.o
