
Memory Configuration

Name             Origin             Length             Attributes
flash            0x0000000000000000 0x0000000020000000 xr
sram             0x0000000020000000 0x0000000020000000 xrw
*default*        0x0000000000000000 0xffffffffffffffff

Linker script and memory map


.text           0x0000000000000000      0x134
 *(.vectors*)
 .vectors       0x0000000000000000       0x14 startup.o
                0x0000000000000000                fu_vector
 *(.text*)
 .text          0x0000000000000014       0x90 main.o
                0x0000000000000014                main
 .text          0x00000000000000a4       0x90 startup.o
                0x00000000000000a4                mm_fault_handler
                0x00000000000000a4                default_handler
                0x00000000000000a4                nmi_handler
                0x00000000000000a4                h_fault_handler
                0x00000000000000b0                rest_handler
 *(.rodata)
                0x0000000000000134                _E_text = .

.glue_7         0x0000000000000134        0x0
 .glue_7        0x0000000000000134        0x0 linker stubs

.glue_7t        0x0000000000000134        0x0
 .glue_7t       0x0000000000000134        0x0 linker stubs

.vfp11_veneer   0x0000000000000134        0x0
 .vfp11_veneer  0x0000000000000134        0x0 linker stubs

.v4_bx          0x0000000000000134        0x0
 .v4_bx         0x0000000000000134        0x0 linker stubs

.iplt           0x0000000000000134        0x0
 .iplt          0x0000000000000134        0x0 main.o

.rel.dyn        0x0000000000000134        0x0
 .rel.iplt      0x0000000000000134        0x0 main.o

.data           0x0000000020000000        0x0 load address 0x0000000000000134
                0x0000000020000000                _S_DATA = .
 *(.data)
 .data          0x0000000020000000        0x0 main.o
 .data          0x0000000020000000        0x0 startup.o
                0x0000000020000000                _E_DATA = .

.igot.plt       0x0000000020000000        0x0 load address 0x0000000000000134
 .igot.plt      0x0000000020000000        0x0 main.o

.bss            0x0000000020000000      0x400 load address 0x0000000000000134
                0x0000000020000000                _S_bss = .
 *(.bss*)
 .bss           0x0000000020000000        0x0 main.o
 .bss           0x0000000020000000      0x400 startup.o
                0x0000000020000400                _E_bss = .
LOAD main.o
LOAD startup.o
OUTPUT(flashing.elf elf32-littlearm)

.debug_info     0x0000000000000000      0x249
 .debug_info    0x0000000000000000       0x64 main.o
 .debug_info    0x0000000000000064      0x1e5 startup.o

.debug_abbrev   0x0000000000000000      0x136
 .debug_abbrev  0x0000000000000000       0x5c main.o
 .debug_abbrev  0x000000000000005c       0xda startup.o

.debug_loc      0x0000000000000000       0xb4
 .debug_loc     0x0000000000000000       0x38 main.o
 .debug_loc     0x0000000000000038       0x7c startup.o

.debug_aranges  0x0000000000000000       0x40
 .debug_aranges
                0x0000000000000000       0x20 main.o
 .debug_aranges
                0x0000000000000020       0x20 startup.o

.debug_line     0x0000000000000000       0xc8
 .debug_line    0x0000000000000000       0x61 main.o
 .debug_line    0x0000000000000061       0x67 startup.o

.debug_str      0x0000000000000000      0x171
 .debug_str     0x0000000000000000       0xa0 main.o
                                         0xad (size before relaxing)
 .debug_str     0x00000000000000a0       0xd1 startup.o
                                        0x1a3 (size before relaxing)

.comment        0x0000000000000000       0x7b
 .comment       0x0000000000000000       0x7b main.o
                                         0x7c (size before relaxing)
 .comment       0x000000000000007b       0x7c startup.o

.ARM.attributes
                0x0000000000000000       0x33
 .ARM.attributes
                0x0000000000000000       0x33 main.o
 .ARM.attributes
                0x0000000000000033       0x33 startup.o

.debug_frame    0x0000000000000000       0x7c
 .debug_frame   0x0000000000000000       0x2c main.o
 .debug_frame   0x000000000000002c       0x50 startup.o
